m=4 method=semantic_ucc status=completed runtime_s=1.589417
m=4 method=qiskit_opt3 status=completed runtime_s=0.216493
m=4 method=tket_paulisimp_rebased status=completed runtime_s=0.428377
m=4 method=staq_rotation_folding status=completed runtime_s=0.21142
m=4 method=phase_poly_reference status=completed runtime_s=0.200568
m=8 method=semantic_ucc status=completed runtime_s=1.07624
m=8 method=qiskit_opt3 status=completed runtime_s=0.209224
m=8 method=tket_paulisimp_rebased status=predicate_error runtime_s=0.36153
m=8 method=staq_rotation_folding status=completed runtime_s=0.203733
m=8 method=phase_poly_reference status=completed runtime_s=0.197891
m=16 method=semantic_ucc status=completed runtime_s=1.092399
m=16 method=qiskit_opt3 status=completed runtime_s=0.213452
m=16 method=tket_paulisimp_rebased status=predicate_error runtime_s=0.37846
m=16 method=staq_rotation_folding status=completed runtime_s=0.209057
m=16 method=phase_poly_reference status=completed runtime_s=0.199016
m=32 method=semantic_ucc status=completed runtime_s=1.140375
m=32 method=qiskit_opt3 status=completed runtime_s=0.221479
m=32 method=tket_paulisimp_rebased status=predicate_error runtime_s=0.453301
m=32 method=staq_rotation_folding status=completed runtime_s=0.219748
m=32 method=phase_poly_reference status=completed runtime_s=0.201333
m=64 method=semantic_ucc status=completed runtime_s=1.230864
m=64 method=qiskit_opt3 status=completed runtime_s=0.219603
m=64 method=tket_paulisimp_rebased status=predicate_error runtime_s=0.705676
m=64 method=staq_rotation_folding status=completed runtime_s=0.261394
m=64 method=phase_poly_reference status=completed runtime_s=0.202168
