command: /Users/yangjinsey/Desktop/QFT + inverse-QFT circuits #662(issue)/PaperDraft/ucc_v7_2_prxq_repaired/../../.venv/bin/python /Users/yangjinsey/Desktop/QFT + inverse-QFT circuits #662(issue)/PaperDraft/ucc_v7_2_prxq_repaired/scripts/verify_packing_support_rank.py
returncode: 0
--- stdout ---
{
  "all_passed": true,
  "arithmetic": "exact bit-packed Gaussian elimination over GF(2)",
  "construction": "a_j = e_j + e_{j+1}, j=1..m, n=m+1",
  "records": [
    {
      "m": 4,
      "n": 5,
      "rank_F2": 4,
      "rank_equals_m": true,
      "support_masks_hex": [
        "0x3",
        "0x6",
        "0xc",
        "0x18"
      ]
    },
    {
      "m": 8,
      "n": 9,
      "rank_F2": 8,
      "rank_equals_m": true,
      "support_masks_hex": [
        "0x3",
        "0x6",
        "0xc",
        "0x18",
        "0x30",
        "0x60",
        "0xc0",
        "0x180"
      ]
    },
    {
      "m": 16,
      "n": 17,
      "rank_F2": 16,
      "rank_equals_m": true,
      "support_masks_hex": [
        "0x3",
        "0x6",
        "0xc",
        "0x18",
        "0x30",
        "0x60",
        "0xc0",
        "0x180",
        "0x300",
        "0x600",
        "0xc00",
        "0x1800",
        "0x3000",
        "0x6000",
        "0xc000",
        "0x18000"
      ]
    },
    {
      "m": 32,
      "n": 33,
      "rank_F2": 32,
      "rank_equals_m": true,
      "support_masks_hex": [
        "0x3",
        "0x6",
        "0xc",
        "0x18",
        "0x30",
        "0x60",
        "0xc0",
        "0x180",
        "0x300",
        "0x600",
        "0xc00",
        "0x1800",
        "0x3000",
        "0x6000",
        "0xc000",
        "0x18000",
        "0x30000",
        "0x60000",
        "0xc0000",
        "0x180000",
        "0x300000",
        "0x600000",
        "0xc00000",
        "0x1800000",
        "0x3000000",
        "0x6000000",
        "0xc000000",
        "0x18000000",
        "0x30000000",
        "0x60000000",
        "0xc0000000",
        "0x180000000"
      ]
    },
    {
      "m": 64,
      "n": 65,
      "rank_F2": 64,
      "rank_equals_m": true,
      "support_masks_hex": [
        "0x3",
        "0x6",
        "0xc",
        "0x18",
        "0x30",
        "0x60",
        "0xc0",
        "0x180",
        "0x300",
        "0x600",
        "0xc00",
        "0x1800",
        "0x3000",
        "0x6000",
        "0xc000",
        "0x18000",
        "0x30000",
        "0x60000",
        "0xc0000",
        "0x180000",
        "0x300000",
        "0x600000",
        "0xc00000",
        "0x1800000",
        "0x3000000",
        "0x6000000",
        "0xc000000",
        "0x18000000",
        "0x30000000",
        "0x60000000",
        "0xc0000000",
        "0x180000000",
        "0x300000000",
        "0x600000000",
        "0xc00000000",
        "0x1800000000",
        "0x3000000000",
        "0x6000000000",
        "0xc000000000",
        "0x18000000000",
        "0x30000000000",
        "0x60000000000",
        "0xc0000000000",
        "0x180000000000",
        "0x300000000000",
        "0x600000000000",
        "0xc00000000000",
        "0x1800000000000",
        "0x3000000000000",
        "0x6000000000000",
        "0xc000000000000",
        "0x18000000000000",
        "0x30000000000000",
        "0x60000000000000",
        "0xc0000000000000",
        "0x180000000000000",
        "0x300000000000000",
        "0x600000000000000",
        "0xc00000000000000",
        "0x1800000000000000",
        "0x3000000000000000",
        "0x6000000000000000",
        "0xc000000000000000",
        "0x18000000000000000"
      ]
    }
  ],
  "sweep": [
    4,
    8,
    16,
    32,
    64
  ],
  "verifier": "verify_packing_support_rank.py"
}

--- stderr ---
