main_external_baselines: size=4000 method=qiskit_opt3 timeout=600s
main_external_baselines: size=4000 method=qiskit_commutative_inverse timeout=600s
main_external_baselines: size=4000 method=pyzx_configured timeout=600s
main_external_baselines: size=4000 method=pyzx_full_reduce timeout=600s
main_external_baselines: size=4000 method=tket_fullpeephole timeout=600s
main_external_baselines: size=4000 method=tket_paulisimp timeout=600s
main_external_baselines: size=4000 method=tket_guided_paulisimp timeout=600s
main_external_baselines: size=4000 method=semantic_ucc timeout=600s
main_external_baselines: size=4000 method=phase_poly_reference timeout=600s
main_external_baselines: size=10000 method=qiskit_opt3 timeout=600s
main_external_baselines: size=10000 method=qiskit_commutative_inverse timeout=600s
main_external_baselines: size=10000 method=pyzx_configured timeout=600s
main_external_baselines: size=10000 method=pyzx_full_reduce timeout=600s
main_external_baselines: size=10000 method=tket_fullpeephole timeout=600s
main_external_baselines: size=10000 method=tket_paulisimp timeout=600s
main_external_baselines: size=10000 method=tket_guided_paulisimp timeout=600s
main_external_baselines: size=10000 method=semantic_ucc timeout=600s
main_external_baselines: size=10000 method=phase_poly_reference timeout=600s
main_external_baselines: size=20000 method=qiskit_opt3 timeout=600s
main_external_baselines: size=20000 method=qiskit_commutative_inverse timeout=600s
main_external_baselines: size=20000 method=pyzx_configured timeout=600s
main_external_baselines: size=20000 method=pyzx_full_reduce timeout=600s
main_external_baselines: size=20000 method=tket_fullpeephole timeout=600s
main_external_baselines: size=20000 method=tket_paulisimp timeout=600s
main_external_baselines: size=20000 method=tket_guided_paulisimp timeout=600s
main_external_baselines: size=20000 method=semantic_ucc timeout=600s
main_external_baselines: size=20000 method=phase_poly_reference timeout=600s
main_external_baselines: size=50000 method=qiskit_opt3 timeout=600s
main_external_baselines: size=50000 method=qiskit_commutative_inverse timeout=600s
main_external_baselines: size=50000 method=pyzx_configured timeout=600s
main_external_baselines: size=50000 method=pyzx_full_reduce timeout=600s
main_external_baselines: size=50000 method=tket_fullpeephole timeout=600s
main_external_baselines: size=50000 method=tket_paulisimp timeout=600s
main_external_baselines: size=50000 method=tket_guided_paulisimp timeout=600s
main_external_baselines: size=50000 method=semantic_ucc timeout=600s
main_external_baselines: size=50000 method=phase_poly_reference timeout=600s
main_external_baselines: size=100000 method=qiskit_opt3 timeout=600s
main_external_baselines: size=100000 method=qiskit_commutative_inverse timeout=600s
main_external_baselines: size=100000 method=pyzx_configured timeout=600s
main_external_baselines: size=100000 method=pyzx_full_reduce timeout=600s
main_external_baselines: size=100000 method=tket_fullpeephole timeout=600s
main_external_baselines: size=100000 method=tket_paulisimp timeout=600s
main_external_baselines: size=100000 method=tket_guided_paulisimp timeout=600s
main_external_baselines: size=100000 method=semantic_ucc timeout=600s
main_external_baselines: size=100000 method=phase_poly_reference timeout=600s
fourier_ablation_completion: size=4000 method=semantic_ucc timeout=600s
fourier_ablation_completion: size=4000 method=no_fourier_ucc timeout=600s
fourier_ablation_completion: size=4000 method=qiskit_opt3 timeout=600s
fourier_ablation_completion: size=4000 method=qiskit_commutative_inverse timeout=600s
fourier_ablation_completion: size=4000 method=phase_poly_reference timeout=600s
fourier_ablation_completion: size=10000 method=semantic_ucc timeout=600s
fourier_ablation_completion: size=10000 method=no_fourier_ucc timeout=600s
fourier_ablation_completion: size=10000 method=qiskit_opt3 timeout=600s
fourier_ablation_completion: size=10000 method=qiskit_commutative_inverse timeout=600s
fourier_ablation_completion: size=10000 method=phase_poly_reference timeout=600s
fourier_ablation_completion: size=20000 method=semantic_ucc timeout=600s
fourier_ablation_completion: size=20000 method=no_fourier_ucc timeout=600s
fourier_ablation_completion: size=20000 method=qiskit_opt3 timeout=600s
fourier_ablation_completion: size=20000 method=qiskit_commutative_inverse timeout=600s
fourier_ablation_completion: size=20000 method=phase_poly_reference timeout=600s
fourier_ablation_completion: size=50000 method=semantic_ucc timeout=600s
fourier_ablation_completion: size=50000 method=no_fourier_ucc timeout=600s
fourier_ablation_completion: size=50000 method=qiskit_opt3 timeout=600s
fourier_ablation_completion: size=50000 method=qiskit_commutative_inverse timeout=600s
fourier_ablation_completion: size=50000 method=phase_poly_reference timeout=600s
fourier_ablation_completion: size=100000 method=semantic_ucc timeout=600s
fourier_ablation_completion: size=100000 method=no_fourier_ucc timeout=600s
fourier_ablation_completion: size=100000 method=qiskit_opt3 timeout=600s
fourier_ablation_completion: size=100000 method=qiskit_commutative_inverse timeout=600s
fourier_ablation_completion: size=100000 method=phase_poly_reference timeout=600s
resource_consequence_check: size=4000 method=semantic_ucc timeout=600s
resource_consequence_check: size=4000 method=phase_poly_reference timeout=600s
resource_consequence_check: size=4000 method=qiskit_opt3 timeout=600s
resource_consequence_check: size=4000 method=no_fourier_ucc timeout=600s
resource_consequence_check: size=10000 method=semantic_ucc timeout=600s
resource_consequence_check: size=10000 method=phase_poly_reference timeout=600s
resource_consequence_check: size=10000 method=qiskit_opt3 timeout=600s
resource_consequence_check: size=10000 method=no_fourier_ucc timeout=600s
resource_consequence_check: size=20000 method=semantic_ucc timeout=600s
resource_consequence_check: size=20000 method=phase_poly_reference timeout=600s
resource_consequence_check: size=20000 method=qiskit_opt3 timeout=600s
resource_consequence_check: size=20000 method=no_fourier_ucc timeout=600s
resource_consequence_check: size=50000 method=semantic_ucc timeout=600s
resource_consequence_check: size=50000 method=phase_poly_reference timeout=600s
resource_consequence_check: size=50000 method=qiskit_opt3 timeout=600s
resource_consequence_check: size=50000 method=no_fourier_ucc timeout=600s
resource_consequence_check: size=100000 method=semantic_ucc timeout=600s
resource_consequence_check: size=100000 method=phase_poly_reference timeout=600s
resource_consequence_check: size=100000 method=qiskit_opt3 timeout=600s
resource_consequence_check: size=100000 method=no_fourier_ucc timeout=600s
correctness_extension: repeats=9999 method=semantic_ucc timeout=600s
correctness_extension: repeats=9999 method=phase_poly_reference timeout=600s
/home/lyy/ucc_paper_round3/ucc/compile.py:28: UserWarning: Warning: This package is designed for Python 3.12-3.13. You are using Python 3.10.
  warnings.warn(
Round 3 protocol repair run complete.
research/round3_protocol_repair/method_name_map.md
research/round3_protocol_repair/baseline_call_sequences.md
research/round3_protocol_repair/round3_main_external_baselines_results.json
research/round3_protocol_repair/round3_main_external_baselines_results.md
research/round3_protocol_repair/round3_fourier_ablation_completion_results.json
research/round3_protocol_repair/round3_fourier_ablation_completion_results.md
research/round3_protocol_repair/round3_resource_consequence_check_results.json
research/round3_protocol_repair/round3_resource_consequence_check_results.md
research/round3_protocol_repair/round3_correctness_extension_results.json
research/round3_protocol_repair/round3_correctness_extension_results.md
research/round3_protocol_repair/round3_table_provenance_map.md
research/round3_protocol_repair/round3_environment_snapshot.md
research/round3_protocol_repair/round3_summary_for_paper_patch.md
research/round3_protocol_repair/round3_run_log.md
