family=rational_cp size=4000 method=semantic_ucc budget=600s
family=rational_cp size=4000 method=qiskit_opt3 budget=600s
family=rational_cp size=4000 method=pyzx_full_reduce budget=600s
family=rational_cp size=4000 method=tket_guided_paulisimp budget=600s
family=rational_cp size=4000 method=tket_paulisimp_unrebased budget=600s
family=rational_cp size=4000 method=tket_paulisimp_rebased budget=600s
family=rational_cp size=4000 method=staq_rotation_folding budget=600s
family=rational_cp size=10000 method=semantic_ucc budget=600s
family=rational_cp size=10000 method=qiskit_opt3 budget=600s
family=rational_cp size=10000 method=pyzx_full_reduce budget=600s
family=rational_cp size=10000 method=tket_guided_paulisimp budget=600s
family=rational_cp size=10000 method=tket_paulisimp_unrebased budget=600s
family=rational_cp size=10000 method=tket_paulisimp_rebased budget=600s
family=rational_cp size=10000 method=staq_rotation_folding budget=600s
family=rational_cp size=20000 method=semantic_ucc budget=600s
family=rational_cp size=20000 method=qiskit_opt3 budget=600s
family=rational_cp size=20000 method=pyzx_full_reduce budget=600s
family=rational_cp size=20000 method=tket_guided_paulisimp budget=600s
family=rational_cp size=20000 method=tket_paulisimp_unrebased budget=600s
family=rational_cp size=20000 method=tket_paulisimp_rebased budget=600s
family=rational_cp size=20000 method=staq_rotation_folding budget=600s
family=rational_cp size=50000 method=semantic_ucc budget=600s
family=rational_cp size=50000 method=qiskit_opt3 budget=600s
family=rational_cp size=50000 method=pyzx_full_reduce budget=600s
family=rational_cp size=50000 method=tket_guided_paulisimp budget=600s
family=rational_cp size=50000 method=tket_paulisimp_unrebased budget=600s
family=rational_cp size=50000 method=tket_paulisimp_rebased budget=600s
family=rational_cp size=50000 method=staq_rotation_folding budget=600s
family=rational_cp size=100000 method=semantic_ucc budget=600s
family=rational_cp size=100000 method=qiskit_opt3 budget=600s
family=rational_cp size=100000 method=pyzx_full_reduce budget=600s
family=rational_cp size=100000 method=tket_guided_paulisimp budget=600s
family=rational_cp size=100000 method=tket_paulisimp_unrebased budget=600s
family=rational_cp size=100000 method=tket_paulisimp_rebased budget=600s
family=rational_cp size=100000 method=staq_rotation_folding budget=600s
family=unbounded_independent_pauli size=4000 method=semantic_ucc budget=600s
family=unbounded_independent_pauli size=4000 method=qiskit_opt3 budget=600s
family=unbounded_independent_pauli size=4000 method=pyzx_full_reduce budget=600s
family=unbounded_independent_pauli size=4000 method=tket_guided_paulisimp budget=600s
family=unbounded_independent_pauli size=4000 method=tket_paulisimp_unrebased budget=600s
family=unbounded_independent_pauli size=4000 method=tket_paulisimp_rebased budget=600s
family=unbounded_independent_pauli size=4000 method=staq_rotation_folding budget=600s
family=unbounded_independent_pauli size=10000 method=semantic_ucc budget=600s
family=unbounded_independent_pauli size=10000 method=qiskit_opt3 budget=600s
family=unbounded_independent_pauli size=10000 method=pyzx_full_reduce budget=600s
family=unbounded_independent_pauli size=10000 method=tket_guided_paulisimp budget=600s
family=unbounded_independent_pauli size=10000 method=tket_paulisimp_unrebased budget=600s
family=unbounded_independent_pauli size=10000 method=tket_paulisimp_rebased budget=600s
family=unbounded_independent_pauli size=10000 method=staq_rotation_folding budget=600s
family=unbounded_independent_pauli size=20000 method=semantic_ucc budget=600s
family=unbounded_independent_pauli size=20000 method=qiskit_opt3 budget=600s
family=unbounded_independent_pauli size=20000 method=pyzx_full_reduce budget=600s
family=unbounded_independent_pauli size=20000 method=tket_guided_paulisimp budget=600s
family=unbounded_independent_pauli size=20000 method=tket_paulisimp_unrebased budget=600s
family=unbounded_independent_pauli size=20000 method=tket_paulisimp_rebased budget=600s
family=unbounded_independent_pauli size=20000 method=staq_rotation_folding budget=600s
family=unbounded_independent_pauli size=50000 method=semantic_ucc budget=600s
family=unbounded_independent_pauli size=50000 method=qiskit_opt3 budget=600s
family=unbounded_independent_pauli size=50000 method=pyzx_full_reduce budget=600s
family=unbounded_independent_pauli size=50000 method=tket_guided_paulisimp budget=600s
family=unbounded_independent_pauli size=50000 method=tket_paulisimp_unrebased budget=600s
family=unbounded_independent_pauli size=50000 method=tket_paulisimp_rebased budget=600s
family=unbounded_independent_pauli size=50000 method=staq_rotation_folding budget=600s
family=unbounded_independent_pauli size=100000 method=semantic_ucc budget=600s
family=unbounded_independent_pauli size=100000 method=qiskit_opt3 budget=600s
family=unbounded_independent_pauli size=100000 method=pyzx_full_reduce budget=600s
family=unbounded_independent_pauli size=100000 method=tket_guided_paulisimp budget=600s
family=unbounded_independent_pauli size=100000 method=tket_paulisimp_unrebased budget=600s
family=unbounded_independent_pauli size=100000 method=tket_paulisimp_rebased budget=600s
family=unbounded_independent_pauli size=100000 method=staq_rotation_folding budget=600s
wrote research/round6_major_revision/round6_all_results.json
